// Jest Snapshot v1, https://goo.gl/fbAQLP

exports[`Amenity Table Test Suite snapshot test 1`] = `ShallowWrapper {}`;
