// Jest Snapshot v1, https://goo.gl/fbAQLP

exports[`Splash Page Test Suite snapshot test 1`] = `ShallowWrapper {}`;
