// Jest Snapshot v1, https://goo.gl/fbAQLP

exports[`University Grid Test Suite snapshot test 1`] = `ShallowWrapper {}`;
